###############################################################################
#                                                                             #
# IAR ELF Linker V1.40.1.50106 for STM8                 28/Dec/2016  09:31:24 #
# Copyright 2010-2013 IAR Systems AB.                                         #
#                                                                             #
#    Output file  =  G:\±±¾©ËÄÎ¬ÍØÖÇ¹«Ë¾\SWTZ_Pro\STM8S_ÈËÌåºìÍâ\Project\Debu #
#                    g\Exe\STM8S_Demo.out                                     #
#    Map file     =  G:\±±¾©ËÄÎ¬ÍØÖÇ¹«Ë¾\SWTZ_Pro\STM8S_ÈËÌåºìÍâ\Project\Debu #
#                    g\List\STM8S_Demo.map                                    #
#    Command line =  G:\±±¾©ËÄÎ¬ÍØÖÇ¹«Ë¾\SWTZ_Pro\STM8S_ÈËÌåºìÍâ\Project\Debu #
#                    g\Obj\adc.o G:\±±¾©ËÄÎ¬ÍØÖÇ¹«Ë¾\SWTZ_Pro\STM8S_ÈËÌåºìÍâ\ #
#                    Project\Debug\Obj\delay.o G:\±±¾©ËÄÎ¬ÍØÖÇ¹«Ë¾\SWTZ_Pro\S #
#                    TM8S_ÈËÌåºìÍâ\Project\Debug\Obj\key.o                    #
#                    G:\±±¾©ËÄÎ¬ÍØÖÇ¹«Ë¾\SWTZ_Pro\STM8S_ÈËÌåºìÍâ\Project\Debu #
#                    g\Obj\led.o G:\±±¾©ËÄÎ¬ÍØÖÇ¹«Ë¾\SWTZ_Pro\STM8S_ÈËÌåºìÍâ\ #
#                    Project\Debug\Obj\main.o G:\±±¾©ËÄÎ¬ÍØÖÇ¹«Ë¾\SWTZ_Pro\ST #
#                    M8S_ÈËÌåºìÍâ\Project\Debug\Obj\stm8s_adc1.o              #
#                    G:\±±¾©ËÄÎ¬ÍØÖÇ¹«Ë¾\SWTZ_Pro\STM8S_ÈËÌåºìÍâ\Project\Debu #
#                    g\Obj\stm8s_clk.o G:\±±¾©ËÄÎ¬ÍØÖÇ¹«Ë¾\SWTZ_Pro\STM8S_ÈËÌ #
#                    åºìÍâ\Project\Debug\Obj\stm8s_exti.o                     #
#                    G:\±±¾©ËÄÎ¬ÍØÖÇ¹«Ë¾\SWTZ_Pro\STM8S_ÈËÌåºìÍâ\Project\Debu #
#                    g\Obj\stm8s_gpio.o G:\±±¾©ËÄÎ¬ÍØÖÇ¹«Ë¾\SWTZ_Pro\STM8S_ÈË #
#                    ÌåºìÍâ\Project\Debug\Obj\stm8s_it.o                      #
#                    G:\±±¾©ËÄÎ¬ÍØÖÇ¹«Ë¾\SWTZ_Pro\STM8S_ÈËÌåºìÍâ\Project\Debu #
#                    g\Obj\stm8s_uart1.o G:\±±¾©ËÄÎ¬ÍØÖÇ¹«Ë¾\SWTZ_Pro\STM8S_È #
#                    ËÌåºìÍâ\Project\Debug\Obj\sysclock.o                     #
#                    G:\±±¾©ËÄÎ¬ÍØÖÇ¹«Ë¾\SWTZ_Pro\STM8S_ÈËÌåºìÍâ\Project\Debu #
#                    g\Obj\uart.o --redirect _Printf=_PrintfSmallNoMb         #
#                    --redirect _Scanf=_ScanfSmallNoMb -o                     #
#                    G:\±±¾©ËÄÎ¬ÍØÖÇ¹«Ë¾\SWTZ_Pro\STM8S_ÈËÌåºìÍâ\Project\Debu #
#                    g\Exe\STM8S_Demo.out --map G:\±±¾©ËÄÎ¬ÍØÖÇ¹«Ë¾\SWTZ_Pro\ #
#                    STM8S_ÈËÌåºìÍâ\Project\Debug\List\STM8S_Demo.map         #
#                    --config "D:\Program Files (x86)\IAR\stm8\config\lnkstm8 #
#                    s003f3.icf" --config_def _CSTACK_SIZE=0x100              #
#                    --config_def _HEAP_SIZE=0x100 --entry                    #
#                    __iar_program_start --debug_lib                          #
#                                                                             #
#                                                                             #
###############################################################################

*******************************************************************************
*** RUNTIME MODEL ATTRIBUTES
***

__Heap_Handler             = Basic
__SystemLibrary            = DLib
__code_model               = small
__core                     = stm8
__data_model               = medium
__dlib_file_descriptor     = 1
__dlib_full_locale_support = 1
__rt_version               = 4


*******************************************************************************
*** PLACEMENT SUMMARY
***

"A1":  place at start of [0x000000-0x0000ff] { rw section .vregs };
"A2":  place at end of [0x000000-0x0003ff] { block CSTACK };
"P2":  place in [from 0x000000 to 0x0003ff] {
          block HEAP, rw section .far.bss, rw section .far.data,
          rw section .far.noinit, rw section .far_func.textrw,
          rw section .huge.bss, rw section .huge.data, rw section .huge.noinit,
          rw section .huge_func.textrw, rw section .iar.dynexit,
          rw section .near.bss, rw section .near.data, rw section .near.noinit,
          rw section .near_func.textrw };
"A3":  place at start of [0x008000-0x009fff] { block INTVEC };
"P3":  place in [from 0x008000 to 0x009fff] {
          ro section .far.data_init, ro section .far_func.textrw_init,
          ro section .huge.data_init, ro section .huge_func.textrw_init,
          ro section .iar.init_table, ro section .init_array,
          ro section .near.data_init, ro section .near.rodata,
          ro section .near_func.text, ro section .near_func.textrw_init,
          ro section .tiny.data_init, ro section .tiny.rodata_init };

  Section          Kind      Address   Size  Object
  -------          ----      -------   ----  ------
"A1":                                  0x10
  .vregs           uninit   0x000000   0x10  vregs.o [4]
                          - 0x000010   0x10

"P2":                                   0x1
  .near.bss        zero     0x000010    0x1  delay.o [1]
                          - 0x000011    0x1

"A2":                                 0x100
  CSTACK                    0x000300  0x100  <Block>
    CSTACK         uninit   0x000300  0x100  <Block tail>
                          - 0x000400  0x100

"A3":                                  0x80
  INTVEC                    0x008000   0x80  <Block>
    .intvec        const    0x008000   0x80  interrupt.o [4]
                          - 0x008080   0x80

"P3":                                 0xade
  .near_func.text  ro code  0x008080  0x19a  stm8s_adc1.o [1]
  .near_func.text  ro code  0x00821a  0x114  stm8s_gpio.o [1]
  .near_func.text  ro code  0x00832e   0xfc  stm8s_adc1.o [1]
  .near_func.text  ro code  0x00842a   0xbe  led.o [1]
  .near_func.text  ro code  0x0084e8   0xbe  stm8s_adc1.o [1]
  .near_func.text  ro code  0x0085a6   0x9e  vreg_util.o [4]
  .near_func.text  ro code  0x008644   0x75  long.o [4]
  .near_func.text  ro code  0x0086b9   0x59  delay.o [1]
  .near_func.text  ro code  0x008712   0x59  stm8s_adc1.o [1]
  .near_func.text  ro code  0x00876b   0x55  stm8s_adc1.o [1]
  .near_func.text  ro code  0x0087c0   0x54  stm8s_adc1.o [1]
  .near_func.text  ro code  0x008814   0x47  main.o [1]
  .near_func.text  ro code  0x00885b   0x46  short.o [4]
  .near_func.text  ro code  0x0088a1   0x3d  stm8s_clk.o [1]
  .near_func.text  ro code  0x0088de   0x39  key.o [1]
  .near.rodata     const    0x008917   0x32  stm8s_adc1.o [1]
  .near.rodata     const    0x008949   0x32  stm8s_gpio.o [1]
  .near.rodata     const    0x00897b   0x31  stm8s_clk.o [1]
  .near_func.text  ro code  0x0089ac   0x31  stm8s_adc1.o [1]
  .near_func.text  ro code  0x0089dd   0x2f  stm8s_adc1.o [1]
  .near_func.text  ro code  0x008a0c   0x2f  stm8s_clk.o [1]
  .near_func.text  ro code  0x008a3b   0x27  adc.o [1]
  .near_func.text  ro code  0x008a62   0x23  delay.o [1]
  .iar.init_table  const    0x008a85    0x8  - Linker created -
  .near_func.text  ro code  0x008a8d   0x1e  init_small.o [4]
  .near_func.text  ro code  0x008aab   0x18  led.o [1]
  .near_func.text  ro code  0x008ac3   0x17  init.o [4]
  .near_func.text  ro code  0x008ada   0x14  __dbg_xxexit.o [3]
  .near_func.text  ro code  0x008aee   0x13  cstartup.o [4]
  .near_func.text  ro code  0x008b01    0xe  delay.o [1]
  .near_func.text  ro code  0x008b0f    0xd  dc_util.o [4]
  .near_func.text  ro code  0x008b1c    0xc  long_util.o [4]
  .near_func.text  ro code  0x008b28    0xa  key.o [1]
  .near_func.text  ro code  0x008b32    0x9  sysclock.o [1]
  .near_func.text  ro code  0x008b3b    0x5  stm8s_adc1.o [1]
  .near_func.text  ro code  0x008b40    0x5  cexit.o [4]
  .near_func.text  ro code  0x008b45    0x4  stm8s_gpio.o [1]
  .near_func.text  ro code  0x008b49    0x3  stm8s_gpio.o [1]
  .near_func.text  ro code  0x008b4c    0x3  stm8s_gpio.o [1]
  .near_func.text  ro code  0x008b4f    0x3  interrupt.o [4]
  .near_func.text  ro code  0x008b52    0x3  low_level_init.o [4]
  .near_func.text  ro code  0x008b55    0x3  exit.o [4]
  .near_func.text  ro code  0x008b58    0x3  unhandled_exception.o [4]
  .near_func.text  ro code  0x008b5b    0x2  main.o [1]
  .near_func.text  ro code  0x008b5d    0x1  __dbg_break.o [3]
                          - 0x008b5e  0xade


*******************************************************************************
*** INIT TABLE
***

          Address   Size
          -------   ----
Zero (__iar_zero_init2)
    1 destination range, total size 0x1:
          0x000010   0x1



*******************************************************************************
*** MODULE SUMMARY
***

    Module                 ro code  ro data  rw data
    ------                 -------  -------  -------
G:\±±¾©ËÄÎ¬ÍØÖÇ¹«Ë¾\SWTZ_Pro\STM8S_ÈËÌåºìÍâ\Project\Debug\Obj: [1]
    adc.o                       39
    delay.o                    138                 1
    key.o                       67
    led.o                      214
    main.o                      73
    stm8s_adc1.o             1 211       50
    stm8s_clk.o                108       49
    stm8s_gpio.o               286       50
    sysclock.o                   9
    ------------------------------------------------
    Total:                   2 145      149        1

command line: [2]
    ------------------------------------------------
    Total:

dbgstm8smd.a: [3]
    __dbg_break.o                1
    __dbg_xxexit.o              20
    ------------------------------------------------
    Total:                      21

dlstm8smf.a: [4]
    cexit.o                      5
    cstartup.o                  19
    dc_util.o                   13
    exit.o                       3
    init.o                      23
    init_small.o                30
    interrupt.o                  3      128
    long.o                     117
    long_util.o                 12
    low_level_init.o             3
    short.o                     70
    unhandled_exception.o        3
    vreg_util.o                158
    vregs.o                                       16
    ------------------------------------------------
    Total:                     459      128       16

    Linker created                        8      256
----------------------------------------------------
    Grand Total:             2 625      285      273


*******************************************************************************
*** ENTRY LIST
***

Entry                    Address   Size  Type      Object
-----                    -------   ----  ----      ------
?b0                     0x000000         Data  Gb  vregs.o [4]
?b1                     0x000001         Data  Gb  vregs.o [4]
?b10                    0x00000a         Data  Gb  vregs.o [4]
?b11                    0x00000b         Data  Gb  vregs.o [4]
?b12                    0x00000c         Data  Gb  vregs.o [4]
?b13                    0x00000d         Data  Gb  vregs.o [4]
?b14                    0x00000e         Data  Gb  vregs.o [4]
?b15                    0x00000f         Data  Gb  vregs.o [4]
?b2                     0x000002         Data  Gb  vregs.o [4]
?b3                     0x000003         Data  Gb  vregs.o [4]
?b4                     0x000004         Data  Gb  vregs.o [4]
?b5                     0x000005         Data  Gb  vregs.o [4]
?b6                     0x000006         Data  Gb  vregs.o [4]
?b7                     0x000007         Data  Gb  vregs.o [4]
?b8                     0x000008         Data  Gb  vregs.o [4]
?b9                     0x000009         Data  Gb  vregs.o [4]
?dc32_l1                0x008b0f         Code  Gb  dc_util.o [4]
?e0                     0x000001         Data  Gb  vregs.o [4]
?e1                     0x000005         Data  Gb  vregs.o [4]
?e2                     0x000009         Data  Gb  vregs.o [4]
?e3                     0x00000d         Data  Gb  vregs.o [4]
?epilogue_l2            0x008615         Code  Gb  vreg_util.o [4]
?epilogue_l2_l3         0x008612         Code  Gb  vreg_util.o [4]
?epilogue_w4            0x008619         Code  Gb  vreg_util.o [4]
?l0                     0x000000         Data  Gb  vregs.o [4]
?l1                     0x000004         Data  Gb  vregs.o [4]
?l2                     0x000008         Data  Gb  vregs.o [4]
?l3                     0x00000c         Data  Gb  vregs.o [4]
?load32_l1_0x           0x008b1c         Code  Gb  long_util.o [4]
?mov_e0_e2              0x008620         Code  Gb  vreg_util.o [4]
?mov_e2_e0              0x00862d         Code  Gb  vreg_util.o [4]
?mov_e2_e1              0x00863a         Code  Gb  vreg_util.o [4]
?mov_l0_l2              0x00861d         Code  Gb  vreg_util.o [4]
?mov_l2_l0              0x00862a         Code  Gb  vreg_util.o [4]
?mov_l2_l1              0x008637         Code  Gb  vreg_util.o [4]
?mov_w1_w5              0x008623         Code  Gb  vreg_util.o [4]
?mov_w5_w1              0x008630         Code  Gb  vreg_util.o [4]
?mov_w5_w3              0x00863d         Code  Gb  vreg_util.o [4]
?mul16_x_x_w0           0x00885b         Code  Gb  short.o [4]
?pop_l2                 0x0085f4         Code  Gb  vreg_util.o [4]
?pop_l3                 0x0085ff         Code  Gb  vreg_util.o [4]
?pop_w4                 0x0085be         Code  Gb  vreg_util.o [4]
?push_l2                0x0085cd         Code  Gb  vreg_util.o [4]
?push_l3                0x0085d2         Code  Gb  vreg_util.o [4]
?push_w4                0x0085a6         Code  Gb  vreg_util.o [4]
?sdiv16_x_x_y           0x008879         Code  Gb  short.o [4]
?sll16_x_x_4            0x00889c         Code  Gb  short.o [4]
?sll16_x_x_5            0x00889b         Code  Gb  short.o [4]
?sll16_x_x_6            0x00889a         Code  Gb  short.o [4]
?sll16_x_x_a            0x008892         Code  Gb  short.o [4]
?udiv32_l0_l0_dl        0x008649         Code  Gb  long.o [4]
?udiv32_l0_l0_l1        0x00864c         Code  Gb  long.o [4]
?umod32_l1_l0_dl        0x008644         Code  Gb  long.o [4]
?umod32_l1_l0_l1        0x00864c         Code  Gb  long.o [4]
?w0                     0x000000         Data  Gb  vregs.o [4]
?w1                     0x000002         Data  Gb  vregs.o [4]
?w2                     0x000004         Data  Gb  vregs.o [4]
?w3                     0x000006         Data  Gb  vregs.o [4]
?w4                     0x000008         Data  Gb  vregs.o [4]
?w5                     0x00000a         Data  Gb  vregs.o [4]
?w6                     0x00000c         Data  Gb  vregs.o [4]
?w7                     0x00000e         Data  Gb  vregs.o [4]
ADC1_Cmd                0x0089dd   0x2f  Code  Gb  stm8s_adc1.o [1]
ADC1_ConversionConfig   0x0084e8   0xbe  Code  Gb  stm8s_adc1.o [1]
ADC1_DeInit             0x0089ac   0x31  Code  Gb  stm8s_adc1.o [1]
ADC1_ExternalTriggerConfig
                        0x008712   0x59  Code  Gb  stm8s_adc1.o [1]
ADC1_GetConversionValue
                        0x0087c0   0x54  Code  Gb  stm8s_adc1.o [1]
ADC1_Init               0x008080  0x19a  Code  Gb  stm8s_adc1.o [1]
ADC1_PrescalerConfig    0x00876b   0x55  Code  Gb  stm8s_adc1.o [1]
ADC1_SchmittTriggerConfig
                        0x00832e   0xfc  Code  Gb  stm8s_adc1.o [1]
ADC1_StartConversion    0x008b3b    0x5  Code  Gb  stm8s_adc1.o [1]
ADC_Init                0x008a3b   0x27  Code  Gb  adc.o [1]
CLK_HSICmd              0x008a0c   0x2f  Code  Gb  stm8s_clk.o [1]
CLK_HSIPrescalerConfig  0x0088a1   0x3d  Code  Gb  stm8s_clk.o [1]
CSTACK$$Base            0x000300          --   Gb  - Linker created -
CSTACK$$Limit           0x000400          --   Gb  - Linker created -
FAST_LED                0x00842a   0xbe  Code  Gb  led.o [1]
GPIO_Init               0x00821a  0x114  Code  Gb  stm8s_gpio.o [1]
GPIO_ReadInputPin       0x008b4c    0x3  Code  Gb  stm8s_gpio.o [1]
GPIO_WriteHigh          0x008b49    0x3  Code  Gb  stm8s_gpio.o [1]
GPIO_WriteLow           0x008b45    0x4  Code  Gb  stm8s_gpio.o [1]
INTVEC$$Base            0x008000          --   Gb  - Linker created -
INTVEC$$Limit           0x008080          --   Gb  - Linker created -
KEY_Init                0x008b28    0xa  Code  Gb  key.o [1]
Key_Scan                0x0088de   0x39  Code  Gb  key.o [1]
LED_Init                0x008aab   0x18  Code  Gb  led.o [1]
Region$$Table$$Base     0x008a85          --   Gb  - Linker created -
Region$$Table$$Limit    0x008a8d          --   Gb  - Linker created -
SystemClock_Init        0x008b32    0x9  Code  Gb  sysclock.o [1]
__DebugBreak            0x008b5d    0x1  Code  Gb  __dbg_break.o [3]
__exit                  0x008ada   0x14  Code  Gb  __dbg_xxexit.o [3]
__iar_data_init2        0x008ac3   0x17  Code  Gb  init.o [4]
__iar_program_start     0x008aee         Code  Gb  cstartup.o [4]
__iar_unhandled_exception
                        0x008b58         Code  Gb  unhandled_exception.o [4]
__iar_zero_init2        0x008a8d         Code  Gb  init_small.o [4]
__intvec                0x008000         Data  Gb  interrupt.o [4]
__low_level_init        0x008b52    0x3  Code  Gb  low_level_init.o [4]
_exit                   0x008b40         Code  Gb  cexit.o [4]
_interrupt_1            0x008b4f         Code  Wk  interrupt.o [4]
_interrupt_10           0x008b4f         Code  Wk  interrupt.o [4]
_interrupt_11           0x008b4f         Code  Wk  interrupt.o [4]
_interrupt_12           0x008b4f         Code  Wk  interrupt.o [4]
_interrupt_13           0x008b4f         Code  Wk  interrupt.o [4]
_interrupt_14           0x008b4f         Code  Wk  interrupt.o [4]
_interrupt_15           0x008b4f         Code  Wk  interrupt.o [4]
_interrupt_16           0x008b4f         Code  Wk  interrupt.o [4]
_interrupt_17           0x008b4f         Code  Wk  interrupt.o [4]
_interrupt_18           0x008b4f         Code  Wk  interrupt.o [4]
_interrupt_19           0x008b4f         Code  Wk  interrupt.o [4]
_interrupt_2            0x008b4f         Code  Wk  interrupt.o [4]
_interrupt_20           0x008b4f         Code  Wk  interrupt.o [4]
_interrupt_21           0x008b4f         Code  Wk  interrupt.o [4]
_interrupt_22           0x008b4f         Code  Wk  interrupt.o [4]
_interrupt_23           0x008b4f         Code  Wk  interrupt.o [4]
_interrupt_24           0x008b4f         Code  Wk  interrupt.o [4]
_interrupt_25           0x008b4f         Code  Wk  interrupt.o [4]
_interrupt_26           0x008b4f         Code  Wk  interrupt.o [4]
_interrupt_27           0x008b4f         Code  Wk  interrupt.o [4]
_interrupt_28           0x008b4f         Code  Wk  interrupt.o [4]
_interrupt_29           0x008b4f         Code  Wk  interrupt.o [4]
_interrupt_3            0x008b4f         Code  Wk  interrupt.o [4]
_interrupt_30           0x008b4f         Code  Wk  interrupt.o [4]
_interrupt_31           0x008b4f         Code  Wk  interrupt.o [4]
_interrupt_4            0x008b4f         Code  Wk  interrupt.o [4]
_interrupt_5            0x008b4f         Code  Wk  interrupt.o [4]
_interrupt_6            0x008b4f         Code  Wk  interrupt.o [4]
_interrupt_7            0x008b4f         Code  Wk  interrupt.o [4]
_interrupt_8            0x008b4f         Code  Wk  interrupt.o [4]
_interrupt_9            0x008b4f         Code  Wk  interrupt.o [4]
assert_failed           0x008b5b    0x2  Code  Gb  main.o [1]
delay_init              0x008a62   0x23  Code  Gb  delay.o [1]
delay_ms                0x0086b9   0x59  Code  Gb  delay.o [1]
delay_us                0x008b01    0xe  Code  Gb  delay.o [1]
exit                    0x008b55    0x3  Code  Gb  exit.o [4]
fac_us                  0x000010    0x1  Data  Gb  delay.o [1]
main                    0x008814   0x47  Code  Gb  main.o [1]


[1] = G:\±±¾©ËÄÎ¬ÍØÖÇ¹«Ë¾\SWTZ_Pro\STM8S_ÈËÌåºìÍâ\Project\Debug\Obj
[2] = command line
[3] = dbgstm8smd.a
[4] = dlstm8smf.a

  2 625 bytes of readonly  code memory
    285 bytes of readonly  data memory
    273 bytes of readwrite data memory

Errors: none
Warnings: none
